no compiler errors
