IOSurfaceClientSetSurfaceNotify failed e00002c7
2026-09-16 03:19:39.750948+0000 Pantheon[37241:99427] fopen failed for data file: errno = 2 (No such file or directory)
2026-09-16 03:19:46.994096+0000 Pantheon[37241:99427] fopen failed for data file: errno = 2 (No such file or directory)
	 Executed 7 tests, with 0 failures (0 unexpected) in 1.052 (1.057) seconds
	 Executed 26 tests, with 0 failures (0 unexpected) in 1.265 (50.179) seconds
	 Executed 14 tests, with 0 failures (0 unexpected) in 2.224 (50.595) seconds
	 Executed 13 tests, with 0 failures (0 unexpected) in 0.047 (1.282) seconds
	 Executed 5 tests, with 0 failures (0 unexpected) in 0.047 (0.076) seconds
	 Executed 10 tests, with 0 failures (0 unexpected) in 0.015 (0.174) seconds
	 Executed 9 tests, with 0 failures (0 unexpected) in 0.031 (1.024) seconds
	 Executed 16 tests, with 0 failures (0 unexpected) in 0.160 (1.305) seconds
	 Executed 6 tests, with 0 failures (0 unexpected) in 0.312 (0.898) seconds
	 Executed 7 tests, with 0 failures (0 unexpected) in 0.011 (0.029) seconds
	 Executed 8 tests, with 0 failures (0 unexpected) in 0.226 (0.229) seconds
	 Executed 1 test, with 0 failures (0 unexpected) in 0.003 (0.004) seconds
	 Executed 5 tests, with 0 failures (0 unexpected) in 0.084 (0.293) seconds
	 Executed 127 tests, with 0 failures (0 unexpected) in 5.475 (109.319) seconds
	 Executed 127 tests, with 0 failures (0 unexpected) in 5.475 (109.321) seconds
** TEST SUCCEEDED **
